
> museumapp@0.0.0 build
> vite build

[36mvite v8.0.0 [32mbuilding client environment for production...[36m[39m
[2K
transforming...Γ£ô 2830 modules transformed.
rendering chunks...
computing gzip size...
dist/index.html                                      0.45 kB Γöé gzip:   0.29 kB
dist/assets/museumNasional-DdlcrG1l.jpg              9.77 kB
dist/assets/museumAngkut-mT-v4AAg.jpg               13.31 kB
dist/assets/museumPasifika-BwlgRk_2.jpg             69.48 kB
dist/assets/museumAsia-Afrikajpeg-DI1NQ4w9.jpeg    122.94 kB
dist/assets/museumTsunami-BIX_VM7-.jpg             170.34 kB
dist/assets/museumUllen-Sentalu-BZw8T3AX.jpg       211.77 kB
dist/assets/museumAgungRai-jZzMw3UX.jpg            311.43 kB
dist/assets/index-5_gYEfo5.css                     121.45 kB Γöé gzip:  21.17 kB
dist/assets/index-Co3taibA.js                    1,112.20 kB Γöé gzip: 328.62 kB

node.exe : [33m[plugin builtin:vite-reporter] 
At C:\nvm4w\nodejs\npm.ps1:16 char:5
+     & "$basedir/node$exe"  "$basedir/node_modules/npm/bin/npm-cli.js" ...
+     ~~~~~~~~~~~~~~~~~~~~~~~~~~~~~~~~~~~~~~~~~~~~~~~~~~~~~~~~~~~~~~~~~
    + CategoryInfo          : NotSpecified: ([33m[plugin builtin:vite-reporter] :String) [], RemoteException
    + FullyQualifiedErrorId : NativeCommandError
 
(!) Some chunks are larger than 500 kB after minification. Consider:
- Using dynamic import() to code-split the application
- Use build.rolldownOptions.output.codeSplitting to improve chunking: 
https://rolldown.rs/reference/OutputOptions.codeSplitting
- Adjust chunk size limit for this warning via build.chunkSizeWarningLimit.[39m
[31mΓ£ù[39m Build failed in 2.00s
[31merror during build:
[31mBuild failed with 1 error:

Error: [vite]: Rolldown failed to resolve import "pannellum-react" from 
"D:/PROJECT/MuseumApp/src/pages/MuseumDetailPage.jsx".
This is most likely unintended because it can break your application at runtime.
If you do want to externalize this module explicitly add it to
`build.rollupOptions.external`
    at viteLog (file:///D:/PROJECT/MuseumApp/node_modules/vite/dist/node/chunks/node.js:32887:57)
    at file:///D:/PROJECT/MuseumApp/node_modules/vite/dist/node/chunks/node.js:32923:71
    at onwarn (file:///D:/PROJECT/MuseumApp/node_modules/@vitejs/plugin-react/dist/index.js:40:7)
    at file:///D:/PROJECT/MuseumApp/node_modules/vite/dist/node/chunks/node.js:32923:28
    at onRollupLog (file:///D:/PROJECT/MuseumApp/node_modules/vite/dist/node/chunks/node.js:32918:63)
    at onLog (file:///D:/PROJECT/MuseumApp/node_modules/vite/dist/node/chunks/node.js:32688:4)
    at file:///D:/PROJECT/MuseumApp/node_modules/rolldown/dist/shared/rolldown-build-4YnQkA76.mjs:49:26
    at logger (file:///D:/PROJECT/MuseumApp/node_modules/rolldown/dist/shared/rolldown-build-4YnQkA76.mjs:40:3)
    at onLog 
(file:///D:/PROJECT/MuseumApp/node_modules/rolldown/dist/shared/bindingify-input-options-Cu7pt6SZ.mjs:1945:32)[31m
    at aggregateBindingErrorsIntoJsError 
(file:///D:/PROJECT/MuseumApp/node_modules/rolldown/dist/shared/error-CP8smW_P.mjs:48:18)
    at unwrapBindingResult (file:///D:/PROJECT/MuseumApp/node_modules/rolldown/dist/shared/error-CP8smW_P.mjs:18:128)
    at #build (file:///D:/PROJECT/MuseumApp/node_modules/rolldown/dist/shared/rolldown-build-4YnQkA76.mjs:3311:34)
    at async buildEnvironment (file:///D:/PROJECT/MuseumApp/node_modules/vite/dist/node/chunks/node.js:32794:64)
    at async Object.build (file:///D:/PROJECT/MuseumApp/node_modules/vite/dist/node/chunks/node.js:33216:19)
    at async Object.buildApp (file:///D:/PROJECT/MuseumApp/node_modules/vite/dist/node/chunks/node.js:33213:153)
    at async CAC.<anonymous> (file:///D:/PROJECT/MuseumApp/node_modules/vite/dist/node/cli.js:778:3) {
  errors: [Getter/Setter]
}[39m
